AR andoperation behavioral /home/ise/VirtualBox/1-Relatorio-SD/Trabalho-1-Sistemas-Digitais/trabalho_1_sd/and.vhd sub00/vhpl03 1745954249
EN andoperation NULL /home/ise/VirtualBox/1-Relatorio-SD/Trabalho-1-Sistemas-Digitais/trabalho_1_sd/and.vhd sub00/vhpl02 1745954248
EN addition NULL /home/ise/VirtualBox/1-Relatorio-SD/Trabalho-1-Sistemas-Digitais/trabalho_1_sd/addtion.vhd sub00/vhpl00 1745954244
AR main behavioral /home/ise/VirtualBox/1-Relatorio-SD/Trabalho-1-Sistemas-Digitais/trabalho_1_sd/Main.vhd sub00/vhpl13 1745954261
AR xoroperation behavioral /home/ise/VirtualBox/1-Relatorio-SD/Trabalho-1-Sistemas-Digitais/trabalho_1_sd/xor.vhd sub00/vhpl11 1745954257
AR debouncer behavioral /home/ise/VirtualBox/1-Relatorio-SD/Trabalho-1-Sistemas-Digitais/trabalho_1_sd/debouncer.vhd sub00/vhpl15 1745954243
EN sign NULL /home/ise/VirtualBox/1-Relatorio-SD/Trabalho-1-Sistemas-Digitais/trabalho_1_sd/sign.vhd sub00/vhpl18 1745954258
EN xoroperation NULL /home/ise/VirtualBox/1-Relatorio-SD/Trabalho-1-Sistemas-Digitais/trabalho_1_sd/xor.vhd sub00/vhpl10 1745954256
EN oroperation NULL /home/ise/VirtualBox/1-Relatorio-SD/Trabalho-1-Sistemas-Digitais/trabalho_1_sd/or.vhd sub00/vhpl04 1745954250
EN main NULL /home/ise/VirtualBox/1-Relatorio-SD/Trabalho-1-Sistemas-Digitais/trabalho_1_sd/Main.vhd sub00/vhpl12 1745954260
AR subtraction behavioral /home/ise/VirtualBox/1-Relatorio-SD/Trabalho-1-Sistemas-Digitais/trabalho_1_sd/subtraction.vhd sub00/vhpl17 1745954247
AR sign behavioral /home/ise/VirtualBox/1-Relatorio-SD/Trabalho-1-Sistemas-Digitais/trabalho_1_sd/sign.vhd sub00/vhpl19 1745954259
EN subtraction NULL /home/ise/VirtualBox/1-Relatorio-SD/Trabalho-1-Sistemas-Digitais/trabalho_1_sd/subtraction.vhd sub00/vhpl16 1745954246
AR shift behavioral /home/ise/VirtualBox/1-Relatorio-SD/Trabalho-1-Sistemas-Digitais/trabalho_1_sd/shift.vhd sub00/vhpl09 1745954255
EN shift NULL /home/ise/VirtualBox/1-Relatorio-SD/Trabalho-1-Sistemas-Digitais/trabalho_1_sd/shift.vhd sub00/vhpl08 1745954254
AR addition behavioral /home/ise/VirtualBox/1-Relatorio-SD/Trabalho-1-Sistemas-Digitais/trabalho_1_sd/addtion.vhd sub00/vhpl01 1745954245
AR absolute behavioral /home/ise/VirtualBox/1-Relatorio-SD/Trabalho-1-Sistemas-Digitais/trabalho_1_sd/absolute.vhd sub00/vhpl07 1745954253
EN debouncer NULL /home/ise/VirtualBox/1-Relatorio-SD/Trabalho-1-Sistemas-Digitais/trabalho_1_sd/debouncer.vhd sub00/vhpl14 1745954242
AR oroperation behavioral /home/ise/VirtualBox/1-Relatorio-SD/Trabalho-1-Sistemas-Digitais/trabalho_1_sd/or.vhd sub00/vhpl05 1745954251
EN absolute NULL /home/ise/VirtualBox/1-Relatorio-SD/Trabalho-1-Sistemas-Digitais/trabalho_1_sd/absolute.vhd sub00/vhpl06 1745954252
