AR andoperation behavioral C:/Users/rafam/Documents/Trabalho-1-Sistemas-Digitais/trabalho_1_sd/and.vhd sub00/vhpl03 1745766283
EN andoperation NULL C:/Users/rafam/Documents/Trabalho-1-Sistemas-Digitais/trabalho_1_sd/and.vhd sub00/vhpl02 1745766282
EN addition NULL C:/Users/rafam/Documents/Trabalho-1-Sistemas-Digitais/trabalho_1_sd/addtion.vhd sub00/vhpl00 1745766280
AR main behavioral C:/Users/rafam/Documents/Trabalho-1-Sistemas-Digitais/trabalho_1_sd/Main.vhd sub00/vhpl13 1745766293
AR xoroperation behavioral C:/Users/rafam/Documents/Trabalho-1-Sistemas-Digitais/trabalho_1_sd/xor.vhd sub00/vhpl11 1745766291
EN xoroperation NULL C:/Users/rafam/Documents/Trabalho-1-Sistemas-Digitais/trabalho_1_sd/xor.vhd sub00/vhpl10 1745766290
EN oroperation NULL C:/Users/rafam/Documents/Trabalho-1-Sistemas-Digitais/trabalho_1_sd/or.vhd sub00/vhpl04 1745766284
EN main NULL C:/Users/rafam/Documents/Trabalho-1-Sistemas-Digitais/trabalho_1_sd/Main.vhd sub00/vhpl12 1745766292
AR shift behavioral C:/Users/rafam/Documents/Trabalho-1-Sistemas-Digitais/trabalho_1_sd/shift.vhd sub00/vhpl09 1745766289
EN shift NULL C:/Users/rafam/Documents/Trabalho-1-Sistemas-Digitais/trabalho_1_sd/shift.vhd sub00/vhpl08 1745766288
AR addition behavioral C:/Users/rafam/Documents/Trabalho-1-Sistemas-Digitais/trabalho_1_sd/addtion.vhd sub00/vhpl01 1745766281
AR absolute behavioral C:/Users/rafam/Documents/Trabalho-1-Sistemas-Digitais/trabalho_1_sd/absolute.vhd sub00/vhpl07 1745766287
AR oroperation behavioral C:/Users/rafam/Documents/Trabalho-1-Sistemas-Digitais/trabalho_1_sd/or.vhd sub00/vhpl05 1745766285
EN absolute NULL C:/Users/rafam/Documents/Trabalho-1-Sistemas-Digitais/trabalho_1_sd/absolute.vhd sub00/vhpl06 1745766286
