AR andoperation behavioral C:/Users/rafam/Documents/Trabalho-1-Sistemas-Digitais/trabalho_1_sd/and.vhd sub00/vhpl07 1746484410
EN andoperation NULL C:/Users/rafam/Documents/Trabalho-1-Sistemas-Digitais/trabalho_1_sd/and.vhd sub00/vhpl06 1746484409
EN addition NULL C:/Users/rafam/Documents/Trabalho-1-Sistemas-Digitais/trabalho_1_sd/addtion.vhd sub00/vhpl02 1746484405
AR main behavioral C:/Users/rafam/Documents/Trabalho-1-Sistemas-Digitais/trabalho_1_sd/Main.vhd sub00/vhpl21 1746484424
AR xoroperation behavioral C:/Users/rafam/Documents/Trabalho-1-Sistemas-Digitais/trabalho_1_sd/xor.vhd sub00/vhpl15 1746484418
AR debouncer behavioral C:/Users/rafam/Documents/Trabalho-1-Sistemas-Digitais/trabalho_1_sd/debouncer.vhd sub00/vhpl01 1746484404
EN sign NULL C:/Users/rafam/Documents/Trabalho-1-Sistemas-Digitais/trabalho_1_sd/sign.vhd sub00/vhpl16 1746484419
EN xoroperation NULL C:/Users/rafam/Documents/Trabalho-1-Sistemas-Digitais/trabalho_1_sd/xor.vhd sub00/vhpl14 1746484417
EN oroperation NULL C:/Users/rafam/Documents/Trabalho-1-Sistemas-Digitais/trabalho_1_sd/or.vhd sub00/vhpl08 1746484411
EN main NULL C:/Users/rafam/Documents/Trabalho-1-Sistemas-Digitais/trabalho_1_sd/Main.vhd sub00/vhpl20 1746484423
AR subtraction behavioral C:/Users/rafam/Documents/Trabalho-1-Sistemas-Digitais/trabalho_1_sd/subtraction.vhd sub00/vhpl05 1746484408
AR sign behavioral C:/Users/rafam/Documents/Trabalho-1-Sistemas-Digitais/trabalho_1_sd/sign.vhd sub00/vhpl17 1746484420
EN subtraction NULL C:/Users/rafam/Documents/Trabalho-1-Sistemas-Digitais/trabalho_1_sd/subtraction.vhd sub00/vhpl04 1746484407
AR shift behavioral C:/Users/rafam/Documents/Trabalho-1-Sistemas-Digitais/trabalho_1_sd/shift.vhd sub00/vhpl13 1746484416
EN shift NULL C:/Users/rafam/Documents/Trabalho-1-Sistemas-Digitais/trabalho_1_sd/shift.vhd sub00/vhpl12 1746484415
AR addition behavioral C:/Users/rafam/Documents/Trabalho-1-Sistemas-Digitais/trabalho_1_sd/addtion.vhd sub00/vhpl03 1746484406
AR absolute behavioral C:/Users/rafam/Documents/Trabalho-1-Sistemas-Digitais/trabalho_1_sd/absolute.vhd sub00/vhpl11 1746484414
EN debouncer NULL C:/Users/rafam/Documents/Trabalho-1-Sistemas-Digitais/trabalho_1_sd/debouncer.vhd sub00/vhpl00 1746484403
EN comparator NULL C:/Users/rafam/Documents/Trabalho-1-Sistemas-Digitais/trabalho_1_sd/comparator.vhd sub00/vhpl18 1746484421
AR comparator behavioral C:/Users/rafam/Documents/Trabalho-1-Sistemas-Digitais/trabalho_1_sd/comparator.vhd sub00/vhpl19 1746484422
AR oroperation behavioral C:/Users/rafam/Documents/Trabalho-1-Sistemas-Digitais/trabalho_1_sd/or.vhd sub00/vhpl09 1746484412
EN absolute NULL C:/Users/rafam/Documents/Trabalho-1-Sistemas-Digitais/trabalho_1_sd/absolute.vhd sub00/vhpl10 1746484413
