V3 3
FL /home/ise/Xilinx/projetos/Trabalho-1-Sistemas-Digitais/trabalho_1_sd/Main.vhd 2025/04/15.00:09:20 P.20131013
EN work/Main 1744675799 \
      FL /home/ise/Xilinx/projetos/Trabalho-1-Sistemas-Digitais/trabalho_1_sd/Main.vhd \
      PB ieee/std_logic_1164 1381692176 PB ieee/NUMERIC_STD 1381692181
AR work/Main/Behavioral 1744675800 \
      FL /home/ise/Xilinx/projetos/Trabalho-1-Sistemas-Digitais/trabalho_1_sd/Main.vhd \
      EN work/Main 1744675799
