V3 5
FL /home/ise/VirtualBox/Trabalho-1-Sistemas-Digitais/trabalho_1_sd/Main.vhd 2025/04/15.19:06:56 P.20131013
EN work/Main 1744743359 \
      FL /home/ise/VirtualBox/Trabalho-1-Sistemas-Digitais/trabalho_1_sd/Main.vhd \
      PB ieee/std_logic_1164 1381692176 PB ieee/NUMERIC_STD 1381692181
AR work/Main/Behavioral 1744743360 \
      FL /home/ise/VirtualBox/Trabalho-1-Sistemas-Digitais/trabalho_1_sd/Main.vhd \
      EN work/Main 1744743359 CP std_logic_vector
FL /home/ise/Xilinx/projetos/Trabalho-1-Sistemas-Digitais/trabalho_1_sd/Main.vhd 2025/04/15.00:09:20 P.20131013
