V3 43
FL C:/Users/rafam/Documents/Trabalho-1-Sistemas-Digitais/trabalho_1_sd/absolute.vhd 2025/05/03.18:30:25 P.20131013
EN work/absolute 1746484413 \
      FL C:/Users/rafam/Documents/Trabalho-1-Sistemas-Digitais/trabalho_1_sd/absolute.vhd \
      PB ieee/std_logic_1164 1381692176 PB ieee/std_logic_arith 1381692177 \
      PB ieee/STD_LOGIC_UNSIGNED 1381692179
AR work/absolute/Behavioral 1746484414 \
      FL C:/Users/rafam/Documents/Trabalho-1-Sistemas-Digitais/trabalho_1_sd/absolute.vhd \
      EN work/absolute 1746484413
FL C:/Users/rafam/Documents/Trabalho-1-Sistemas-Digitais/trabalho_1_sd/addtion.vhd 2025/05/03.18:49:30 P.20131013
EN work/addition 1746484405 \
      FL C:/Users/rafam/Documents/Trabalho-1-Sistemas-Digitais/trabalho_1_sd/addtion.vhd \
      PB ieee/std_logic_1164 1381692176 PB ieee/NUMERIC_STD 1381692181
AR work/addition/Behavioral 1746484406 \
      FL C:/Users/rafam/Documents/Trabalho-1-Sistemas-Digitais/trabalho_1_sd/addtion.vhd \
      EN work/addition 1746484405
FL C:/Users/rafam/Documents/Trabalho-1-Sistemas-Digitais/trabalho_1_sd/and.vhd 2025/04/27.12:52:37 P.20131013
EN work/andOperation 1746484409 \
      FL C:/Users/rafam/Documents/Trabalho-1-Sistemas-Digitais/trabalho_1_sd/and.vhd \
      PB ieee/std_logic_1164 1381692176
AR work/andOperation/Behavioral 1746484410 \
      FL C:/Users/rafam/Documents/Trabalho-1-Sistemas-Digitais/trabalho_1_sd/and.vhd \
      EN work/andOperation 1746484409
FL C:/Users/rafam/Documents/Trabalho-1-Sistemas-Digitais/trabalho_1_sd/comparator.vhd 2025/05/03.18:32:44 P.20131013
EN work/Comparator 1746484421 \
      FL C:/Users/rafam/Documents/Trabalho-1-Sistemas-Digitais/trabalho_1_sd/comparator.vhd \
      PB ieee/std_logic_1164 1381692176 PB ieee/NUMERIC_STD 1381692181
AR work/Comparator/Behavioral 1746484422 \
      FL C:/Users/rafam/Documents/Trabalho-1-Sistemas-Digitais/trabalho_1_sd/comparator.vhd \
      EN work/Comparator 1746484421
FL C:/Users/rafam/Documents/Trabalho-1-Sistemas-Digitais/trabalho_1_sd/debouncer.vhd 2025/05/03.18:49:15 P.20131013
EN work/debouncer 1746484403 \
      FL C:/Users/rafam/Documents/Trabalho-1-Sistemas-Digitais/trabalho_1_sd/debouncer.vhd \
      PB ieee/std_logic_1164 1381692176 PB ieee/STD_LOGIC_UNSIGNED 1381692179
AR work/debouncer/Behavioral 1746484404 \
      FL C:/Users/rafam/Documents/Trabalho-1-Sistemas-Digitais/trabalho_1_sd/debouncer.vhd \
      EN work/debouncer 1746484403
FL C:/Users/rafam/Documents/Trabalho-1-Sistemas-Digitais/trabalho_1_sd/Main.vhd 2025/05/05.19:33:08 P.20131013
EN work/Main 1746484423 \
      FL C:/Users/rafam/Documents/Trabalho-1-Sistemas-Digitais/trabalho_1_sd/Main.vhd \
      PB ieee/std_logic_1164 1381692176 PB ieee/NUMERIC_STD 1381692181
AR work/Main/Behavioral 1746484424 \
      FL C:/Users/rafam/Documents/Trabalho-1-Sistemas-Digitais/trabalho_1_sd/Main.vhd \
      EN work/Main 1746484423 CP work/debouncer CP work/addition \
      CP work/subtraction CP work/andOperation CP work/orOperation CP work/absolute \
      CP work/shift CP work/xorOperation CP work/sign CP work/comparator
FL C:/Users/rafam/Documents/Trabalho-1-Sistemas-Digitais/trabalho_1_sd/or.vhd 2025/05/03.18:31:09 P.20131013
EN work/orOperation 1746484411 \
      FL C:/Users/rafam/Documents/Trabalho-1-Sistemas-Digitais/trabalho_1_sd/or.vhd \
      PB ieee/std_logic_1164 1381692176
AR work/orOperation/Behavioral 1746484412 \
      FL C:/Users/rafam/Documents/Trabalho-1-Sistemas-Digitais/trabalho_1_sd/or.vhd \
      EN work/orOperation 1746484411
FL C:/Users/rafam/Documents/Trabalho-1-Sistemas-Digitais/trabalho_1_sd/shift.vhd 2025/05/03.18:49:02 P.20131013
EN work/shift 1746484415 \
      FL C:/Users/rafam/Documents/Trabalho-1-Sistemas-Digitais/trabalho_1_sd/shift.vhd \
      PB ieee/std_logic_1164 1381692176
AR work/shift/Behavioral 1746484416 \
      FL C:/Users/rafam/Documents/Trabalho-1-Sistemas-Digitais/trabalho_1_sd/shift.vhd \
      EN work/shift 1746484415
FL C:/Users/rafam/Documents/Trabalho-1-Sistemas-Digitais/trabalho_1_sd/sign.vhd 2025/05/05.19:27:44 P.20131013
EN work/sign 1746484419 \
      FL C:/Users/rafam/Documents/Trabalho-1-Sistemas-Digitais/trabalho_1_sd/sign.vhd \
      PB ieee/std_logic_1164 1381692176 PB ieee/NUMERIC_STD 1381692181
AR work/sign/Behavioral 1746484420 \
      FL C:/Users/rafam/Documents/Trabalho-1-Sistemas-Digitais/trabalho_1_sd/sign.vhd \
      EN work/sign 1746484419
FL C:/Users/rafam/Documents/Trabalho-1-Sistemas-Digitais/trabalho_1_sd/subtraction.vhd 2025/05/03.18:28:51 P.20131013
EN work/subtraction 1746484407 \
      FL C:/Users/rafam/Documents/Trabalho-1-Sistemas-Digitais/trabalho_1_sd/subtraction.vhd \
      PB ieee/std_logic_1164 1381692176 PB ieee/NUMERIC_STD 1381692181
AR work/subtraction/Behavioral 1746484408 \
      FL C:/Users/rafam/Documents/Trabalho-1-Sistemas-Digitais/trabalho_1_sd/subtraction.vhd \
      EN work/subtraction 1746484407
FL C:/Users/rafam/Documents/Trabalho-1-Sistemas-Digitais/trabalho_1_sd/xor.vhd 2025/04/27.12:52:37 P.20131013
EN work/xorOperation 1746484417 \
      FL C:/Users/rafam/Documents/Trabalho-1-Sistemas-Digitais/trabalho_1_sd/xor.vhd \
      PB ieee/std_logic_1164 1381692176
AR work/xorOperation/Behavioral 1746484418 \
      FL C:/Users/rafam/Documents/Trabalho-1-Sistemas-Digitais/trabalho_1_sd/xor.vhd \
      EN work/xorOperation 1746484417
